ÂëΩ‰ª§Á®øÂïüÂãïÊñº 2018Âπ¥03Êúà 9Êó• ‰∏ãÂçà 04:20:27
]0;~
[32mWei@DESKTOP-GKTJCOJ [33m~[0m
$ whoami:[K'[K;pwd
Wei
/cygdrive/c/Users/Wei/AppData/Roaming/SPB_Data
]0;~
[32mWei@DESKTOP-GKTJCOJ [33m~[0m
$ git congif -i[C[C[1P -ig -i[1P[1@f
error: unknown switch `i'
usage: git config [<options>]

Config file location
    --global              use global config file
    --system              use system config file
    --local               use repository config file
    -f, --file <file>     use given config file
    --blob <blob-id>      read config from given blob object

Action
    --get                 get value: name [value-regex]
    --get-all             get all values: key [value-regex]
    --get-regexp          get values for regexp: name-regex [value-regex]
    --get-urlmatch        get value specific for the URL: section[.var] URL
    --replace-all         replace all matching variables: name value [value_regex]
    --add                 add a new variable: name value
    --unset               remove a variable: name [value-regex]
    --unset-all           remove all matches: name [value-regex]
    --rename-section      rename section: old-name new-name
    --remove-section      remove a section: name
    -l, --list            list all
    -e, --edit            open an editor
    --get-color           find the color configured: slot [default]
    --get-colorbool       find the color setting: slot [stdout-is-tty]

Type
    --bool                value is "true" or "false"
    --int                 value is decimal number
    --bool-or-int         value is --bool or --int
    --path                value is a path (file or directory name)
    --expiry-date         value is an expiry date

Other
    -z, --null            terminate values with NUL byte
    --name-only           show variable names only
    --includes            respect include directives on lookup
    --show-origin         show origin of config (file, standard input, blob, command line)

]0;~
[32mWei@DESKTOP-GKTJCOJ [33m~[0m
$ [K$ git config -i[Kl
use.email=wei831127@hotmail.com
user.email=wei831127@hotmail,com
user.name=fadedwei
]0;~
[32mWei@DESKTOP-GKTJCOJ [33m~[0m
$ vi .gitconfig
[?2004h[?1049h[?1h=[?2004h[1;43r[?12h[?12l[27m[23m[29m[m[H[2J[?25l[43;1H".gitconfig" 5L, 92C[1;1H[use][2;9Hemail = wei831127@hotmail.com
[user][4;9Hemail = wei831127@hotmail,com[5;9Hname = fadedwei
[1m[34m~                                                                                                                         [7;1H~                                                                                                                         [8;1H~                                                                                                                         [9;1H~                                                                                                                         [10;1H~                                                                                                                         [11;1H~                                                                                                                         [12;1H~                                                                                                                         [13;1H~                                                                                                                         [14;1H~                                                                                                                         [15;1H~                                                                                                                         [16;1H~                                                                                                                         [17;1H~                                                                                                                         [18;1H~                                                                                                                         [19;1H~                                                                                                                         [20;1H~                                                                                                                         [21;1H~                                                                                                                         [22;1H~                                                                                                                         [23;1H~                                                                                                                         [24;1H~                                                                                                                         [25;1H~                                                                                                                         [26;1H~                                                                                                                         [27;1H~                                                                                                                         [28;1H~                                                                                                                         [29;1H~                                                                                                                         [30;1H~                                                                                                                         [31;1H~                                                                                                                         [32;1H~                                                                                                                         [33;1H~                                                                                                                         [34;1H~                                                                                                                         [35;1H~                                                                                                                         [36;1H~                                                                                                                         [37;1H~                                                                                                                         [38;1H~                                                                                                                         [39;1H~                                                                                                                         [40;1H~                                                                                                                         [41;1H~                                                                                                                         [42;1H~                                                                                                                         [1;1H[?25h[?25l[m[43;1H[K[43;1H:[?2004h[?25hq[?25l[?2004l[43;1H[K[43;1H[?2004l[?1l>[?25h[?1049l]0;~
[32mWei@DESKTOP-GKTJCOJ [33m~[0m
$ ls -a
.  ..  .bash_history  .gitconfig  .minttyrc  .ssh  .viminfo  cdssetup  lab1.script
]0;~
[32mWei@DESKTOP-GKTJCOJ [33m~[0m
$ ls -a[C[Cvi .gitconfig[C[Cgit config -li[C[C[3Pwhoami;pwd[C[Cls[Krm a.exe [C[Cls[Kwhoami;pwd[C[Cgit config -il[C[Cvi .gitconfig[K[K[K[K[K[K[K[K[K[K[K[K[Kgit clone https://github.com/fadedwei/lab1.git
Cloning into 'lab1'...
remote: Counting objects: 3, done.[K
remote: Total 3 (delta 0), reused 0 (delta 0), pack-reused 0[K
Unpacking objects:  33% (1/3)   Unpacking objects:  66% (2/3)   Unpacking objects: 100% (3/3)   Unpacking objects: 100% (3/3), done.
]0;~
[32mWei@DESKTOP-GKTJCOJ [33m~[0m
$ exit

ÂëΩ‰ª§Á®øÂ∑≤Êñº 2018Âπ¥03Êúà 9Êó• ‰∏ãÂçà 04:27:00
 ÂÆåÊàê